******************************************************************************
                  TI ARM Linker Unix v20.2.2                   
******************************************************************************
>> Linked Tue Oct 13 16:28:40 2020

OUTPUT FILE NAME:   <lab0.out>
ENTRY POINT SYMBOL: "_c_int00_noargs"  address: 00002285


MEMORY CONFIGURATION

         name            origin    length      used     unused   attr    fill
----------------------  --------  ---------  --------  --------  ----  --------
  MAIN                  00000000   00040000  00002529  0003dad7  R  X
  INFO                  00200000   00004000  00000000  00004000  R  X
  SRAM_CODE             01000000   00010000  0000030c  0000fcf4  RW X
  SRAM_DATA             20000000   00010000  0000030c  0000fcf4  RW  


SEGMENT ALLOCATION MAP

run origin  load origin   length   init length attrs members
----------  ----------- ---------- ----------- ----- -------
00000000    00000000    00002530   00002530    r-x
  00000000    00000000    000000e4   000000e4    r-- .intvecs
  000000e4    000000e4    0000230c   0000230c    r-x .text
  000023f0    000023f0    00000101   00000101    r-- .const
  000024f8    000024f8    00000038   00000038    r-- .cinit
20000000    20000000    0000010c   00000000    rw-
  20000000    20000000    00000100   00000000    rw- .bss
  20000100    20000100    0000000c   00000000    rw- .data
2000fe00    2000fe00    00000200   00000000    rw-
  2000fe00    2000fe00    00000200   00000000    rw- .stack


SECTION ALLOCATION MAP

 output                                  attributes/
section   page    origin      length       input sections
--------  ----  ----------  ----------   ----------------
.intvecs   0    00000000    000000e4     
                  00000000    000000e4     startup_msp432p401r_ccs.obj (.intvecs:retain)

.text      0    000000e4    0000230c     
                  000000e4    00000a4e     rtsv7M4_T_le_v4SPD16_eabi.lib : _printfi.c.obj (.text:__TI_printfi)
                  00000b32    00000002                                   : div0.asm.obj (.text)
                  00000b34    00000388     system_msp432p401r.obj (.text)
                  00000ebc    00000270     rtsv7M4_T_le_v4SPD16_eabi.lib : _printfi.c.obj (.text:_pconv_a)
                  0000112c    000001d0                                   : _printfi.c.obj (.text:_pconv_g)
                  000012fc    000001b6                                   : fd_add_t2.asm.obj (.text)
                  000014b2    00000002     --HOLE-- [fill = 0]
                  000014b4    0000013c                                   : _printfi.c.obj (.text:_pconv_e)
                  000015f0    00000136                                   : fd_div_t2.asm.obj (.text)
                  00001726    00000002     --HOLE-- [fill = 0]
                  00001728    00000124                                   : _printfi.c.obj (.text:fcvt)
                  0000184c    00000110                                   : s_scalbn.c.obj (.text:scalbn)
                  0000195c    000000fc                                   : fd_mul_t2.asm.obj (.text)
                  00001a58    000000b1                                   : _printfi.c.obj (.text:_ltostr)
                  00001b09    00000001     --HOLE-- [fill = 0]
                  00001b0a    0000009c                                   : memcpy_t2.asm.obj (.text)
                  00001ba6    00000096                                   : ull_div_t2.asm.obj (.text)
                  00001c3c    00000086                                   : fd_cmp_t2.asm.obj (.text:__aeabi_cdcmple)
                  00001cc2    00000086                                   : fd_cmp_t2.asm.obj (.text:__aeabi_cdrcmple)
                  00001d48    00000080     task_4.obj (.text)
                  00001dc8    0000007a     rtsv7M4_T_le_v4SPD16_eabi.lib : memset_t2.asm.obj (.text)
                  00001e42    00000002     --HOLE-- [fill = 0]
                  00001e44    00000078     main.obj (.text:uart_println)
                  00001ebc    0000006e     rtsv7M4_T_le_v4SPD16_eabi.lib : _printfi.c.obj (.text:_mcpy)
                  00001f2a    00000068                                   : copy_decompress_lzss.c.obj (.text:decompress:lzss:__TI_decompress_lzss)
                  00001f92    00000002     --HOLE-- [fill = 0]
                  00001f94    00000064                                   : s_frexp.c.obj (.text:frexp)
                  00001ff8    00000056                                   : _printfi.c.obj (.text:_pconv_f)
                  0000204e    00000054                                   : _ltoa.c.obj (.text:__TI_ltoa)
                  000020a2    00000052                                   : _printfi.c.obj (.text:_ecpy)
                  000020f4    0000004c                                   : atoi.c.obj (.text:atoi)
                  00002140    00000048                                   : fd_toi_t2.asm.obj (.text)
                  00002188    00000044                                   : autoinit.c.obj (.text:__TI_auto_init_nobinit_nopinit:__TI_auto_init_nobinit_nopinit)
                  000021cc    00000040                                   : vsnprintf.c.obj (.text:vsnprintf)
                  0000220c    0000003e                                   : _printfi.c.obj (.text:_fcpy)
                  0000224a    00000002     --HOLE-- [fill = 0]
                  0000224c    00000038     main.obj (.text:toggle)
                  00002284    00000034     rtsv7M4_T_le_v4SPD16_eabi.lib : boot_cortex_m.c.obj (.text:_c_int00_noargs:_c_int00_noargs)
                  000022b8    00000030                                   : vsnprintf.c.obj (.text:_outs)
                  000022e8    0000002e                                   : i_tofd_t2.asm.obj (.text)
                  00002316    0000001c                                   : copy_zero_init.c.obj (.text:decompress:ZI:__TI_zero_init_nomemset:__TI_zero_init_nomemset)
                  00002332    0000001c                                   : memccpy.c.obj (.text:memccpy)
                  0000234e    0000001a                                   : s_copysign.c.obj (.text:copysign)
                  00002368    00000018                                   : vsnprintf.c.obj (.text:_outc)
                  00002380    00000016                                   : strchr.c.obj (.text:strchr)
                  00002396    00000014                                   : strlen.c.obj (.text:strlen)
                  000023aa    00000012                                   : wcslen.c.obj (.text:wcslen)
                  000023bc    0000000e                                   : copy_decompress_none.c.obj (.text:decompress:none:__TI_decompress_none)
                  000023ca    0000000e     startup_msp432p401r_ccs.obj (.text)
                  000023d8    00000008     rtsv7M4_T_le_v4SPD16_eabi.lib : errno.c.obj (.text:__aeabi_errno_addr)
                  000023e0    00000008     main.obj (.text)
                  000023e8    00000004     rtsv7M4_T_le_v4SPD16_eabi.lib : pre_init.c.obj (.text:_system_pre_init)
                  000023ec    00000004                                   : exit.c.obj (.text:abort:abort)

.const     0    000023f0    00000101     
                  000023f0    00000101     rtsv7M4_T_le_v4SPD16_eabi.lib : ctype.c.obj (.const:.string:_ctypes_)

.cinit     0    000024f8    00000038     
                  000024f8    0000000d     (.cinit..data.load) [load image, compression = lzss]
                  00002505    00000003     --HOLE-- [fill = 0]
                  00002508    0000000c     (__TI_handler_table)
                  00002514    00000004     --HOLE-- [fill = 0]
                  00002518    00000008     (.cinit..bss.load) [load image, compression = zero_init]
                  00002520    00000010     (__TI_cinit_table)

.init_array 
*          0    00000000    00000000     UNINITIALIZED

.binit     0    00000000    00000000     

.bss       0    20000000    00000100     UNINITIALIZED
                  20000000    00000100     main.obj (.bss:print_buffer$uart_println_1)

.data      0    20000100    0000000c     UNINITIALIZED
                  20000100    00000004     rtsv7M4_T_le_v4SPD16_eabi.lib : errno.c.obj (.data)
                  20000104    00000004     system_msp432p401r.obj (.data)
                  20000108    00000004     task_4.obj (.data)

.stack     0    2000fe00    00000200     UNINITIALIZED
                  2000fe00    00000004     rtsv7M4_T_le_v4SPD16_eabi.lib : boot_cortex_m.c.obj (.stack)
                  2000fe04    000001fc     --HOLE--

__llvm_prf_cnts 
*          0    20000000    00000000     UNINITIALIZED

MODULE SUMMARY

       Module                        code   ro data   rw data
       ------                        ----   -------   -------
    ./
       system_msp432p401r.obj        904    0         8      
       main.obj                      184    0         512    
       startup_msp432p401r_ccs.obj   14     228       0      
       task_4.obj                    128    0         8      
    +--+-----------------------------+------+---------+---------+
       Total:                        1230   228       528    
                                                             
    /Applications/ti/ccs1011/ccs/tools/compiler/ti-cgt-arm_20.2.2.LTS/lib/rtsv7M4_T_le_v4SPD16_eabi.lib
       _printfi.c.obj                4851   0         0      
       fd_add_t2.asm.obj             438    0         0      
       fd_div_t2.asm.obj             310    0         0      
       s_scalbn.c.obj                272    0         0      
       fd_cmp_t2.asm.obj             268    0         0      
       ctype.c.obj                   0      257       0      
       fd_mul_t2.asm.obj             252    0         0      
       memcpy_t2.asm.obj             156    0         0      
       ull_div_t2.asm.obj            150    0         0      
       vsnprintf.c.obj               136    0         0      
       memset_t2.asm.obj             122    0         0      
       copy_decompress_lzss.c.obj    104    0         0      
       s_frexp.c.obj                 100    0         0      
       _ltoa.c.obj                   84     0         0      
       atoi.c.obj                    76     0         0      
       fd_toi_t2.asm.obj             72     0         0      
       autoinit.c.obj                68     0         0      
       boot_cortex_m.c.obj           52     0         0      
       i_tofd_t2.asm.obj             46     0         0      
       copy_zero_init.c.obj          28     0         0      
       memccpy.c.obj                 28     0         0      
       s_copysign.c.obj              26     0         0      
       strchr.c.obj                  22     0         0      
       strlen.c.obj                  20     0         0      
       wcslen.c.obj                  18     0         0      
       errno.c.obj                   8      0         8      
       copy_decompress_none.c.obj    14     0         0      
       exit.c.obj                    4      0         0      
       pre_init.c.obj                4      0         0      
       div0.asm.obj                  2      0         0      
    +--+-----------------------------+------+---------+---------+
       Total:                        7731   257       8      
                                                             
       Stack:                        0      0         1024   
       Linker Generated:             0      49        0      
    +--+-----------------------------+------+---------+---------+
       Grand Total:                  8961   534       1560   


LINKER GENERATED COPY TABLES

__TI_cinit_table @ 00002520 records: 2, size/record: 8, table size: 16
	.data: load addr=000024f8, load size=0000000d bytes, run addr=20000100, run size=0000000c bytes, compression=lzss
	.bss: load addr=00002518, load size=00000008 bytes, run addr=20000000, run size=00000100 bytes, compression=zero_init


LINKER GENERATED HANDLER TABLE

__TI_handler_table @ 00002508 records: 3, size/record: 4, table size: 12
	index: 0, handler: __TI_decompress_lzss
	index: 1, handler: __TI_decompress_none
	index: 2, handler: __TI_zero_init


GLOBAL SYMBOLS: SORTED ALPHABETICALLY BY Name 

address   name                          
-------   ----                          
000023d7  ADC14_IRQHandler              
000023d7  AES256_IRQHandler             
000023d7  BusFault_Handler              
000023ed  C$$EXIT                       
000023d7  COMP_E0_IRQHandler            
000023d7  COMP_E1_IRQHandler            
000023d7  CS_IRQHandler                 
000023d7  DMA_ERR_IRQHandler            
000023d7  DMA_INT0_IRQHandler           
000023d7  DMA_INT1_IRQHandler           
000023d7  DMA_INT2_IRQHandler           
000023d7  DMA_INT3_IRQHandler           
000023d7  DebugMon_Handler              
000023d7  Default_Handler               
000023d7  EUSCIA0_IRQHandler            
000023d7  EUSCIA1_IRQHandler            
000023d7  EUSCIA2_IRQHandler            
000023d7  EUSCIA3_IRQHandler            
000023d7  EUSCIB0_IRQHandler            
000023d7  EUSCIB1_IRQHandler            
000023d7  EUSCIB2_IRQHandler            
000023d7  EUSCIB3_IRQHandler            
000023d7  FLCTL_IRQHandler              
000023d7  FPU_IRQHandler                
000023d7  HardFault_Handler             
000023d7  MemManage_Handler             
000023d7  NMI_Handler                   
000023d7  PCM_IRQHandler                
000023d7  PORT1_IRQHandler              
000023d7  PORT2_IRQHandler              
000023d7  PORT3_IRQHandler              
000023d7  PORT4_IRQHandler              
000023d7  PORT5_IRQHandler              
000023d7  PORT6_IRQHandler              
000023d7  PSS_IRQHandler                
000023d7  PendSV_Handler                
000023d7  RTC_C_IRQHandler              
000023cb  Reset_Handler                 
000023d7  SVC_Handler                   
000023d7  SysTick_Handler               
20000104  SystemCoreClock               
00000b35  SystemCoreClockUpdate         
00000da9  SystemInit                    
000023d7  T32_INT1_IRQHandler           
000023d7  T32_INT2_IRQHandler           
000023d7  T32_INTC_IRQHandler           
000023d7  TA0_0_IRQHandler              
000023d7  TA0_N_IRQHandler              
000023d7  TA1_0_IRQHandler              
000023d7  TA1_N_IRQHandler              
000023d7  TA2_0_IRQHandler              
000023d7  TA2_N_IRQHandler              
000023d7  TA3_0_IRQHandler              
000023d7  TA3_N_IRQHandler              
000023d7  UsageFault_Handler            
4000480c  WDTCTL_SYM                    
000023d7  WDT_A_IRQHandler              
20010000  __STACK_END                   
00000200  __STACK_SIZE                  
00002520  __TI_CINIT_Base               
00002530  __TI_CINIT_Limit              
00002508  __TI_Handler_Table_Base       
00002514  __TI_Handler_Table_Limit      
00002189  __TI_auto_init_nobinit_nopinit
00001f2b  __TI_decompress_lzss          
000023bd  __TI_decompress_none          
0000204f  __TI_ltoa                     
ffffffff  __TI_pprof_out_hndl           
000000e5  __TI_printfi                  
ffffffff  __TI_prof_data_size           
ffffffff  __TI_prof_data_start          
00000000  __TI_static_base__            
00002317  __TI_zero_init_nomemset       
00001c3d  __aeabi_cdcmpeq               
00001c3d  __aeabi_cdcmple               
00001cc3  __aeabi_cdrcmple              
00002141  __aeabi_d2iz                  
00001307  __aeabi_dadd                  
000015f1  __aeabi_ddiv                  
0000195d  __aeabi_dmul                  
000012fd  __aeabi_dsub                  
000023d9  __aeabi_errno_addr            
000022e9  __aeabi_i2d                   
00000b33  __aeabi_idiv0                 
00000b33  __aeabi_ldiv0                 
00001dc9  __aeabi_memclr                
00001dc9  __aeabi_memclr4               
00001dc9  __aeabi_memclr8               
00001b0b  __aeabi_memcpy                
00001b0b  __aeabi_memcpy4               
00001b0b  __aeabi_memcpy8               
00001dcb  __aeabi_memset                
00001dcb  __aeabi_memset4               
00001dcb  __aeabi_memset8               
00001ba7  __aeabi_uldivmod              
ffffffff  __binit__                     
ffffffff  __c_args__                    
UNDEFED   __mpu_init                    
2000fe00  __stack                       
20000000  __start___llvm_prf_cnts       
20000000  __stop___llvm_prf_cnts        
00002285  _c_int00_noargs               
000023f0  _ctypes_                      
UNDEFED   _system_post_cinit            
000023e9  _system_pre_init              
000023ed  abort                         
000020f5  atoi                          
ffffffff  binit                         
0000234f  copysign                      
0000234f  copysignl                     
20000100  errno                         
00001f95  frexp                         
00001f95  frexpl                        
00000000  interruptVectors              
0000184d  ldexp                         
0000184d  ldexpl                        
000023e1  main                          
00002333  memccpy                       
00001b0b  memcpy                        
00001dd1  memset                        
00001d93  print_and_increment           
20000000  print_buffer$uart_println_1   
0000184d  scalbn                        
0000184d  scalbnl                       
00002381  strchr                        
00002397  strlen                        
00001d49  task_4                        
0000224d  toggle                        
00001e45  uart_println                  
000021cd  vsnprintf                     
000023ab  wcslen                        


GLOBAL SYMBOLS: SORTED BY Symbol Address 

address   name                          
-------   ----                          
00000000  __TI_static_base__            
00000000  interruptVectors              
000000e5  __TI_printfi                  
00000200  __STACK_SIZE                  
00000b33  __aeabi_idiv0                 
00000b33  __aeabi_ldiv0                 
00000b35  SystemCoreClockUpdate         
00000da9  SystemInit                    
000012fd  __aeabi_dsub                  
00001307  __aeabi_dadd                  
000015f1  __aeabi_ddiv                  
0000184d  ldexp                         
0000184d  ldexpl                        
0000184d  scalbn                        
0000184d  scalbnl                       
0000195d  __aeabi_dmul                  
00001b0b  __aeabi_memcpy                
00001b0b  __aeabi_memcpy4               
00001b0b  __aeabi_memcpy8               
00001b0b  memcpy                        
00001ba7  __aeabi_uldivmod              
00001c3d  __aeabi_cdcmpeq               
00001c3d  __aeabi_cdcmple               
00001cc3  __aeabi_cdrcmple              
00001d49  task_4                        
00001d93  print_and_increment           
00001dc9  __aeabi_memclr                
00001dc9  __aeabi_memclr4               
00001dc9  __aeabi_memclr8               
00001dcb  __aeabi_memset                
00001dcb  __aeabi_memset4               
00001dcb  __aeabi_memset8               
00001dd1  memset                        
00001e45  uart_println                  
00001f2b  __TI_decompress_lzss          
00001f95  frexp                         
00001f95  frexpl                        
0000204f  __TI_ltoa                     
000020f5  atoi                          
00002141  __aeabi_d2iz                  
00002189  __TI_auto_init_nobinit_nopinit
000021cd  vsnprintf                     
0000224d  toggle                        
00002285  _c_int00_noargs               
000022e9  __aeabi_i2d                   
00002317  __TI_zero_init_nomemset       
00002333  memccpy                       
0000234f  copysign                      
0000234f  copysignl                     
00002381  strchr                        
00002397  strlen                        
000023ab  wcslen                        
000023bd  __TI_decompress_none          
000023cb  Reset_Handler                 
000023d7  ADC14_IRQHandler              
000023d7  AES256_IRQHandler             
000023d7  BusFault_Handler              
000023d7  COMP_E0_IRQHandler            
000023d7  COMP_E1_IRQHandler            
000023d7  CS_IRQHandler                 
000023d7  DMA_ERR_IRQHandler            
000023d7  DMA_INT0_IRQHandler           
000023d7  DMA_INT1_IRQHandler           
000023d7  DMA_INT2_IRQHandler           
000023d7  DMA_INT3_IRQHandler           
000023d7  DebugMon_Handler              
000023d7  Default_Handler               
000023d7  EUSCIA0_IRQHandler            
000023d7  EUSCIA1_IRQHandler            
000023d7  EUSCIA2_IRQHandler            
000023d7  EUSCIA3_IRQHandler            
000023d7  EUSCIB0_IRQHandler            
000023d7  EUSCIB1_IRQHandler            
000023d7  EUSCIB2_IRQHandler            
000023d7  EUSCIB3_IRQHandler            
000023d7  FLCTL_IRQHandler              
000023d7  FPU_IRQHandler                
000023d7  HardFault_Handler             
000023d7  MemManage_Handler             
000023d7  NMI_Handler                   
000023d7  PCM_IRQHandler                
000023d7  PORT1_IRQHandler              
000023d7  PORT2_IRQHandler              
000023d7  PORT3_IRQHandler              
000023d7  PORT4_IRQHandler              
000023d7  PORT5_IRQHandler              
000023d7  PORT6_IRQHandler              
000023d7  PSS_IRQHandler                
000023d7  PendSV_Handler                
000023d7  RTC_C_IRQHandler              
000023d7  SVC_Handler                   
000023d7  SysTick_Handler               
000023d7  T32_INT1_IRQHandler           
000023d7  T32_INT2_IRQHandler           
000023d7  T32_INTC_IRQHandler           
000023d7  TA0_0_IRQHandler              
000023d7  TA0_N_IRQHandler              
000023d7  TA1_0_IRQHandler              
000023d7  TA1_N_IRQHandler              
000023d7  TA2_0_IRQHandler              
000023d7  TA2_N_IRQHandler              
000023d7  TA3_0_IRQHandler              
000023d7  TA3_N_IRQHandler              
000023d7  UsageFault_Handler            
000023d7  WDT_A_IRQHandler              
000023d9  __aeabi_errno_addr            
000023e1  main                          
000023e9  _system_pre_init              
000023ed  C$$EXIT                       
000023ed  abort                         
000023f0  _ctypes_                      
00002508  __TI_Handler_Table_Base       
00002514  __TI_Handler_Table_Limit      
00002520  __TI_CINIT_Base               
00002530  __TI_CINIT_Limit              
20000000  __start___llvm_prf_cnts       
20000000  __stop___llvm_prf_cnts        
20000000  print_buffer$uart_println_1   
20000100  errno                         
20000104  SystemCoreClock               
2000fe00  __stack                       
20010000  __STACK_END                   
4000480c  WDTCTL_SYM                    
ffffffff  __TI_pprof_out_hndl           
ffffffff  __TI_prof_data_size           
ffffffff  __TI_prof_data_start          
ffffffff  __binit__                     
ffffffff  __c_args__                    
ffffffff  binit                         
UNDEFED   __mpu_init                    
UNDEFED   _system_post_cinit            

[131 symbols]
